Modules linked:
   'ADC' from 'ADC.obj'
   'gptrget' from 'C:\CrossIDE\Call51\Bin\..\lib\small\libc51f.lib'
   'divulong' from 'C:\CrossIDE\Call51\Bin\..\lib\small\liblong.lib'
   'uint2fs' from 'C:\CrossIDE\Call51\Bin\..\lib\small\libfloat.lib'
   'fsgt' from 'C:\CrossIDE\Call51\Bin\..\lib\small\libfloat.lib'
   'fs2sint' from 'C:\CrossIDE\Call51\Bin\..\lib\small\libfloat.lib'
   'fslt' from 'C:\CrossIDE\Call51\Bin\..\lib\small\libfloat.lib'
   'fsmul' from 'C:\CrossIDE\Call51\Bin\..\lib\small\libfloat.lib'
   'abs' from 'C:\CrossIDE\Call51\Bin\..\lib\small\libc51f.lib'
   'fsadd' from 'C:\CrossIDE\Call51\Bin\..\lib\small\libfloat.lib'
   'vprintf' from 'C:\CrossIDE\Call51\Bin\..\lib\small\libc51f.lib'
   'powf' from 'C:\CrossIDE\Call51\Bin\..\lib\small\libfloat.lib'
   'sqrtf' from 'C:\CrossIDE\Call51\Bin\..\lib\small\libfloat.lib'
   'gptrput' from 'C:\CrossIDE\Call51\Bin\..\lib\small\libc51f.lib'
   'fssub' from 'C:\CrossIDE\Call51\Bin\..\lib\small\libfloat.lib'
   'crt0' from 'C:\CrossIDE\Call51\Bin\..\lib\small\libc51f.lib'
   'sint2fs' from 'C:\CrossIDE\Call51\Bin\..\lib\small\libfloat.lib'
   'putchar' from 'C:\CrossIDE\Call51\Bin\..\lib\small\libc51f.lib'
   'fsdiv' from 'C:\CrossIDE\Call51\Bin\..\lib\small\libfloat.lib'
   'ulong2fs' from 'C:\CrossIDE\Call51\Bin\..\lib\small\libfloat.lib'
   'fscmp' from 'C:\CrossIDE\Call51\Bin\..\lib\small\libfloat.lib'
   'fs2slong' from 'C:\CrossIDE\Call51\Bin\..\lib\small\libfloat.lib'
   'fsreturnval' from 'C:\CrossIDE\Call51\Bin\..\lib\small\libfloat.lib'
   'fsnormalize' from 'C:\CrossIDE\Call51\Bin\..\lib\small\libfloat.lib'
   'fsget2args' from 'C:\CrossIDE\Call51\Bin\..\lib\small\libfloat.lib'
   'fsswapargs' from 'C:\CrossIDE\Call51\Bin\..\lib\small\libfloat.lib'
   'fsrshift' from 'C:\CrossIDE\Call51\Bin\..\lib\small\libfloat.lib'
   'print_format' from 'C:\CrossIDE\Call51\Bin\..\lib\small\libc51f.lib'
   'bp' from 'C:\CrossIDE\Call51\Bin\..\lib\small\libc51f.lib'
   'fseq' from 'C:\CrossIDE\Call51\Bin\..\lib\small\libfloat.lib'
   'expf' from 'C:\CrossIDE\Call51\Bin\..\lib\small\libfloat.lib'
   'logf' from 'C:\CrossIDE\Call51\Bin\..\lib\small\libfloat.lib'
   'divsint' from 'C:\CrossIDE\Call51\Bin\..\lib\small\libint.lib'
   'frexpf' from 'C:\CrossIDE\Call51\Bin\..\lib\small\libfloat.lib'
   'errno' from 'C:\CrossIDE\Call51\Bin\..\lib\small\libfloat.lib'
   'ldexpf' from 'C:\CrossIDE\Call51\Bin\..\lib\small\libfloat.lib'
   'divuint' from 'C:\CrossIDE\Call51\Bin\..\lib\small\libint.lib'
   'slong2fs' from 'C:\CrossIDE\Call51\Bin\..\lib\small\libfloat.lib'
   'fsget1arg' from 'C:\CrossIDE\Call51\Bin\..\lib\small\libfloat.lib'
   'ftoa' from 'C:\CrossIDE\Call51\Bin\..\lib\small\libc51f.lib'
   'taos' from 'C:\CrossIDE\Call51\Bin\..\lib\small\libc51f.lib'
   'strlen' from 'C:\CrossIDE\Call51\Bin\..\lib\small\libc51f.lib'

Memory use per module linked:
C:04024 D:017 I:020 B:000 X:00000 - ADC
C:00028 D:000 I:000 B:000 X:00000 - gptrget
C:00101 D:004 I:000 B:000 X:00000 - divulong
C:00012 D:000 I:000 B:000 X:00000 - uint2fs
C:00048 D:000 I:000 B:000 X:00000 - fsgt
C:00052 D:000 I:000 B:000 X:00000 - fs2sint
C:00048 D:000 I:000 B:000 X:00000 - fslt
C:00163 D:000 I:000 B:000 X:00000 - fsmul
C:00015 D:000 I:000 B:000 X:00000 - abs
C:00089 D:000 I:000 B:000 X:00000 - fsadd
C:00054 D:001 I:000 B:000 X:00000 - vprintf
C:00204 D:004 I:000 B:000 X:00000 - powf
C:00516 D:010 I:000 B:000 X:00000 - sqrtf
C:00025 D:001 I:000 B:000 X:00000 - gptrput
C:00011 D:000 I:000 B:000 X:00000 - fssub
C:00113 D:000 I:000 B:000 X:00000 - crt0
C:00013 D:000 I:000 B:000 X:00000 - sint2fs
C:00021 D:000 I:000 B:000 X:00000 - putchar
C:00287 D:004 I:000 B:000 X:00000 - fsdiv
C:00019 D:000 I:000 B:000 X:00000 - ulong2fs
C:00073 D:000 I:000 B:000 X:00000 - fscmp
C:00091 D:000 I:000 B:000 X:00000 - fs2slong
C:00079 D:000 I:000 B:000 X:00000 - fsreturnval
C:00051 D:000 I:000 B:000 X:00000 - fsnormalize
C:00046 D:000 I:000 B:000 X:00000 - fsget2args
C:00026 D:000 I:000 B:000 X:00000 - fsswapargs
C:00067 D:000 I:000 B:000 X:00000 - fsrshift
C:02444 D:018 I:000 B:014 X:00000 - print_format
C:00000 D:001 I:000 B:000 X:00000 - bp
C:00017 D:000 I:000 B:000 X:00000 - fseq
C:00927 D:022 I:000 B:001 X:00000 - expf
C:00840 D:018 I:000 B:000 X:00000 - logf
C:00056 D:000 I:000 B:000 X:00000 - divsint
C:00153 D:015 I:000 B:000 X:00000 - frexpf
C:00000 D:002 I:000 B:000 X:00000 - errno
C:00154 D:014 I:000 B:000 X:00000 - ldexpf
C:00041 D:002 I:000 B:000 X:00000 - divuint
C:00045 D:000 I:000 B:000 X:00000 - slong2fs
C:00018 D:000 I:000 B:000 X:00000 - fsget1arg
C:00287 D:000 I:000 B:000 X:00000 - ftoa
C:00000 D:000 I:016 B:000 X:00000 - taos
C:00040 D:000 I:000 B:000 X:00000 - strlen
C:00004 D:000 I:000 B:000 X:00000 - ABSOLUTE
------------------------------------------------------
C:11302 D:133 I:036 B:015 X:00000 - Totals

INTERMAL RAM map (see legend below):
00: 0 0 0 0 0 0 0 0 a b b b b b b b 
10: b b b b b b b b b c c d . . . . 
20: B B e e e e e e e e e e e e e e 
30: e e e e e e e e f f f f f f f f 
40: f f g g g g g g g g g g g g g g 
50: g h h h h h h h h h h h h h h h 
60: h h h h h h h h h h h h h h h h 
70: h h h h h . . . . . . . . . . . 
80: . . . . . . . . . . . . . . . . 
90: . . . . . . . . . . . . . . . . 
A0: . . . . . . . . . . . . . . . . 
B0: . . . . . . . . . . . . . . . . 
C0: . . . . . . . . . . . . . . . . 
D0: . . . . . . . . . . . . . . . . 
E0: . . . . . . . . . . . . . . . . 
F0: . . . . . . . . . . . . . . . . 

Legend:
	0: Register bank 0
	1: Register bank 1
	2: Register bank 2
	3: Register bank 3
	B: bits (see 'BIT map' below)
	a: bp:R_DSEG
	b: ADC:R_DSEG
	c: errno:R_DSEG
	d: vprintf:R_DSEG
	e: ?lib?dseg?1
	f: ?lib?dseg?2
	g: R_OSEG
	h: R_ISEG

BIT map:
00: U U U U U U U U U U U U U U U . 
10: . . . . . . . . . . . . . . . . 
20: . . . . . . . . . . . . . . . . 
30: . . . . . . . . . . . . . . . . 
40: . . . . . . . . . . . . . . . . 
50: . . . . . . . . . . . . . . . . 
60: . . . . . . . . . . . . . . . . 
70: . . . . . . . . . . . . . . . . 

CODE usage map:
0000: 256 256 256 256 256 256 256 256 256 256 256 256 256 256 256 256 
1000: 256 256 256 256 256 256 256 256 256 256 256 256 256 256 256 256 
2000: 256 256 256 256 256 256 256 256 256 256 256 256 038 000 000 000 
3000: 000 000 000 000 000 000 000 000 000 000 000 000 000 000 000 000 
4000: 000 000 000 000 000 000 000 000 000 000 000 000 000 000 000 000 
5000: 000 000 000 000 000 000 000 000 000 000 000 000 000 000 000 000 
6000: 000 000 000 000 000 000 000 000 000 000 000 000 000 000 000 000 
7000: 000 000 000 000 000 000 000 000 000 000 000 000 000 000 000 000 
8000: 000 000 000 000 000 000 000 000 000 000 000 000 000 000 000 000 
9000: 000 000 000 000 000 000 000 000 000 000 000 000 000 000 000 000 
A000: 000 000 000 000 000 000 000 000 000 000 000 000 000 000 000 000 
B000: 000 000 000 000 000 000 000 000 000 000 000 000 000 000 000 000 
C000: 000 000 000 000 000 000 000 000 000 000 000 000 000 000 000 000 
D000: 000 000 000 000 000 000 000 000 000 000 000 000 000 000 000 000 
E000: 000 000 000 000 000 000 000 000 000 000 000 000 000 000 000 000 
F000: 000 000 000 000 000 000 000 000 000 000 000 000 000 000 000 000 
Total: 11302 bytes

XDATA usage map:
0000: 000 000 000 000 000 000 000 000 000 000 000 000 000 000 000 000 
1000: 000 000 000 000 000 000 000 000 000 000 000 000 000 000 000 000 
2000: 000 000 000 000 000 000 000 000 000 000 000 000 000 000 000 000 
3000: 000 000 000 000 000 000 000 000 000 000 000 000 000 000 000 000 
4000: 000 000 000 000 000 000 000 000 000 000 000 000 000 000 000 000 
5000: 000 000 000 000 000 000 000 000 000 000 000 000 000 000 000 000 
6000: 000 000 000 000 000 000 000 000 000 000 000 000 000 000 000 000 
7000: 000 000 000 000 000 000 000 000 000 000 000 000 000 000 000 000 
8000: 000 000 000 000 000 000 000 000 000 000 000 000 000 000 000 000 
9000: 000 000 000 000 000 000 000 000 000 000 000 000 000 000 000 000 
A000: 000 000 000 000 000 000 000 000 000 000 000 000 000 000 000 000 
B000: 000 000 000 000 000 000 000 000 000 000 000 000 000 000 000 000 
C000: 000 000 000 000 000 000 000 000 000 000 000 000 000 000 000 000 
D000: 000 000 000 000 000 000 000 000 000 000 000 000 000 000 000 000 
E000: 000 000 000 000 000 000 000 000 000 000 000 000 000 000 000 000 
F000: 000 000 000 000 000 000 000 000 000 000 000 000 000 000 000 000 
Total: 0 bytes

Base Segments:
   ?lib?dseg?1=D:0022, size=0016
   ?lib?dseg?2=D:0038, size=000A
   BIT_BANK=D:0000, size=0000
   R_BSEG=B:0000, size=000F
   R_CONST=C:0074, size=0139
   R_CSEG=C:01AE, size=2A78
   R_DINIT=C:01AD, size=0000
   R_DSEG=D:0000, size=0014
   R_GSINIT=C:0003, size=0071
   R_HOME=C:0000, size=0000
   R_ISEG=I:0051, size=0024
   R_IXSEG=X:0000, size=0000
   R_OSEG=D:0042, size=000F
   R_PSEG=X:0000, size=0000
   R_XINIT=C:0000, size=0000
   R_XSEG=X:0000, size=0000
   rbank0=D:0000, size=0008

Module Segments:
   ADC:R_CONST=C:0074, size=0139
   ADC:R_CSEG=C:01AE, size=0E7F
   ADC:R_DSEG=D:0009, size=0010
   ADC:R_ISEG=I:0051, size=0014
   ADC:R_OSEG=D:0042, size=0001
   CSEG=C:0000, size=0004
   abs:R_CSEG=C:11F1, size=000F
   bp:R_DSEG=D:0008, size=0001
   crt0:R_GSINIT=C:0003, size=0071
   divsint:R_CSEG=C:290C, size=0038
   divuint:R_CSEG=C:2A77, size=0029
   divuint:R_OSEG=D:0042, size=0002
   divulong:R_CSEG=C:1049, size=0065
   divulong:R_OSEG=D:0042, size=0004
   errno:R_DSEG=D:0019, size=0002
   expf:?lib?dseg?1=D:0022, size=0016
   expf:R_BSEG=B:000E, size=0001
   expf:R_CSEG=C:2225, size=039F
   frexpf:R_CSEG=C:2944, size=0099
   frexpf:R_OSEG=D:0042, size=000F
   fs2sint:R_CSEG=C:10EA, size=0034
   fs2slong:R_CSEG=C:1720, size=005B
   fsadd:R_CSEG=C:1200, size=0059
   fscmp:R_CSEG=C:16D7, size=0049
   fsdiv:R_CSEG=C:15A5, size=011F
   fsdiv:R_OSEG=D:0042, size=0004
   fseq:R_CSEG=C:2214, size=0011
   fsget1arg:R_CSEG=C:2ACD, size=0012
   fsget2args:R_CSEG=C:17FD, size=002E
   fsgt:R_CSEG=C:10BA, size=0030
   fslt:R_CSEG=C:111E, size=0030
   fsmul:R_CSEG=C:114E, size=00A3
   fsnormalize:R_CSEG=C:17CA, size=0033
   fsreturnval:R_CSEG=C:177B, size=004F
   fsrshift:R_CSEG=C:1845, size=0043
   fssub:R_CSEG=C:1578, size=000B
   fsswapargs:R_CSEG=C:182B, size=001A
   ftoa:R_CSEG=C:2ADF, size=011F
   gptrget:R_CSEG=C:102D, size=001C
   gptrput:R_CSEG=C:155F, size=0019
   gptrput:R_OSEG=D:0042, size=0001
   ldexpf:R_CSEG=C:29DD, size=009A
   ldexpf:R_OSEG=D:0042, size=000E
   logf:?lib?dseg?1=D:0022, size=0012
   logf:R_CSEG=C:25C4, size=0348
   powf:?lib?dseg?2=D:0038, size=0004
   powf:R_CSEG=C:128F, size=00CC
   print_format:?lib?dseg?1=D:0022, size=0012
   print_format:R_BSEG=B:0000, size=000E
   print_format:R_CSEG=C:1888, size=098C
   putchar:R_CSEG=C:1590, size=0015
   sint2fs:R_CSEG=C:1583, size=000D
   slong2fs:R_CSEG=C:2AA0, size=002D
   sqrtf:?lib?dseg?2=D:0038, size=000A
   sqrtf:R_CSEG=C:135B, size=0204
   strlen:R_CSEG=C:2BFE, size=0028
   taos:R_ISEG=I:0065, size=0010
   uint2fs:R_CSEG=C:10AE, size=000C
   ulong2fs:R_CSEG=C:16C4, size=0013
   vprintf:R_CSEG=C:1259, size=0036
   vprintf:R_DSEG=D:001B, size=0001

Public symbols:
   _?lib?dseg?1_size=L:0016
   _?lib?dseg?1_start=L:0022
   _?lib?dseg?2_size=L:000A
   _?lib?dseg?2_start=L:0038
   _ADC_R_DSEG_size=L:0010
   _ADC_R_DSEG_start=L:0009
   _ADC_at_Pin=C:02C4
   _InitADC=C:0202
   _InitPinADC=C:0281
   _InitPinADC_PARM_2=D:0042
   _RXU1=C:044F
   _R_BSEG_size=L:000F
   _R_BSEG_start=L:0000
   _R_CONST_size=L:0139
   _R_CONST_start=L:0074
   _R_CSEG_size=L:2A78
   _R_CSEG_start=L:01AE
   _R_DINIT_size=L:0000
   _R_DINIT_start=L:01AD
   _R_GSINIT_size=L:0071
   _R_GSINIT_start=L:0003
   _R_HOME_size=L:0000
   _R_HOME_start=L:0000
   _R_ISEG_size=L:0024
   _R_ISEG_start=L:0000
   _R_IXSEG_size=L:0000
   _R_IXSEG_start=L:0000
   _R_OSEG_size=L:000F
   _R_OSEG_start=L:0042
   _R_PSEG_size=L:0000
   _R_PSEG_start=L:0000
   _R_XINIT_size=L:0000
   _R_XINIT_start=L:0000
   _R_XSEG_size=L:0000
   _R_XSEG_start=L:0000
   _SendATCommand=C:04AF
   _Timer3us=C:021C
   _UART1_Init=C:0330
   _Volts_at_Pin=C:02D5
   ___fs2sint=C:10EA
   ___fs2slong=C:1720
   ___fsadd=C:1200
   ___fsdiv=C:15A5
   ___fseq=C:2214
   ___fsgt=C:10BA
   ___fslt=C:111E
   ___fsmul=C:114E
   ___fssub=C:1578
   ___sint2fs=C:1583
   ___slong2fs=C:2AA0
   ___uint2fs=C:10AE
   ___ulong2fs=C:16C4
   __c51_external_startup=C:01AE
   __divsint=C:290C
   __divsint_PARM_2=D:0042
   __divslong_PARM_2=D:0042
   __divuint=C:2A77
   __divuint_PARM_2=D:0042
   __divulong=C:1049
   __divulong_PARM_2=D:0042
   __ftoa=C:2ADF
   __gptrget=C:102D
   __gptrput=C:155F
   __gptrput_PARM_2=D:0042
   __print_format=C:1C67
   __print_format_PARM_2=D:0030
   __print_format_PARM_3=D:0033
   __taos=I:0065
   _abs=C:11F1
   _bp=D:0008
   _bp_R_DSEG_size=L:0001
   _bp_R_DSEG_start=L:0008
   _buff=I:0051
   _crt0=C:0003
   _dummy_name_crt0=C:1583
   _errno=D:0019
   _errno_R_DSEG_size=L:0002
   _errno_R_DSEG_start=L:0019
   _expf=C:2225
   _frexpf=C:2944
   _frexpf_PARM_2=D:0042
   _getchar1=C:03CC
   _getchar1_with_timeout=C:03DE
   _getstr1=C:041A
   _ldexpf=C:29DD
   _ldexpf_PARM_2=D:0042
   _logf=C:25C4
   _main=C:0520
   _powf=C:128F
   _powf_PARM_2=D:0038
   _printf=C:126E
   _putchar1=C:0391
   _putchar=C:1590
   _sendstr1=C:03A1
   _sqrtf=C:135B
   _stack_start=L:0075
   _strlen=C:2BFE
   _vprintf=C:125C
   _vprintf_PARM_2=D:001B
   _vprintf_R_DSEG_size=L:0001
   _vprintf_R_DSEG_start=L:001B
   _waitms=C:0246
   _waitms_or_RI1=C:0458
   fs_check_negative_zeros=C:16F5
   fs_compare_uint32=C:16D7
   fs_direct_return=C:17A4
   fs_normalize_a=C:17CA
   fs_return_inf=C:17B2
   fs_return_nan=C:17BF
   fs_return_zero=C:179C
   fs_round_and_return=C:177B
   fs_rshift_a=C:1845
   fs_swap_a_b=C:182B
   fs_zerocheck_return=C:1793
   fsadd_direct_entry=C:1203
   fsgetarg=C:2ACD
   fsgetargs=C:17FD
   slong2fs_doit=C:2AA9
   ulong2fs_doit=C:16CD

Local symbols:
   ADC:L002001?=C:01CC
   ADC:L002004?=C:01D7
   ADC:L004001?=C:0237
   ADC:L004004?=C:0232
   ADC:L004007?=C:0242
   ADC:L005001?=C:0257
   ADC:L005005?=C:024E
   ADC:L005007?=C:0279
   ADC:L005009?=C:0280
   ADC:L005018?=C:025A
   ADC:L006001?=C:02A4
   ADC:L006002?=C:02AE
   ADC:L006003?=C:02B8
   ADC:L006005?=C:02C0
   ADC:L006011?=C:028C
   ADC:L006013?=C:028E
   ADC:L006014?=C:029A
   ADC:L006015?=C:029F
   ADC:L007001?=C:02CB
   ADC:L010001?=C:0396
   ADC:L010008?=C:039B
   ADC:L011001?=C:03A7
   ADC:L011004?=C:03CB
   ADC:L012001?=C:03CF
   ADC:L012008?=C:03D4
   ADC:L013003?=C:03E5
   ADC:L013005?=C:040E
   ADC:L013012?=C:0401
   ADC:L014002?=C:043E
   ADC:L014004?=C:0420
   ADC:L016002?=C:048A
   ADC:L016003?=C:0469
   ADC:L016007?=C:0460
   ADC:L016009?=C:04A7
   ADC:L016011?=C:04AE
   ADC:L016019?=C:046C
   ADC:L018006?=C:0F1C
   ADC:L018010?=C:0E74
   ADC:L018014?=C:0DCC
   ADC:L018018?=C:0D24
   ADC:L018022?=C:0B5E
   ADC:L018026?=C:0978
   ADC:L018030?=C:07D2
   ADC:L018034?=C:0FBE
   ADC:L018040?=C:0626
   ADC:L018064?=C:0697
   ADC:L018065?=C:06E2
   ADC:L018066?=C:081D
   ADC:L018067?=C:0868
   ADC:L018068?=C:09C3
   ADC:L018069?=C:0A0E
   ADC:L018070?=C:0BA9
   ADC:L018071?=C:0BF4
   ADC:L018073?=C:0DCC
   ADC:L018075?=C:0E74
   ADC:L018077?=C:0F1C
   ADC:L018079?=C:1000
   ADC:__str_0=C:0074
   ADC:__str_10=C:0103
   ADC:__str_11=C:010D
   ADC:__str_12=C:0117
   ADC:__str_13=C:0121
   ADC:__str_14=C:012A
   ADC:__str_15=C:0134
   ADC:__str_16=C:013E
   ADC:__str_17=C:016D
   ADC:__str_18=C:0190
   ADC:__str_1=C:0080
   ADC:__str_2=C:008F
   ADC:__str_3=C:0094
   ADC:__str_4=C:00C1
   ADC:__str_5=C:00C7
   ADC:__str_6=C:00D3
   ADC:__str_7=C:00DC
   ADC:__str_8=C:00EC
   ADC:__str_9=C:00FA
   ADC:_main_sloc0_1_0=D:0015
   ADC:_main_vRef_1_125=D:0011
   ADC:_main_v_1_125=D:0009
   abs:?Done=C:11FF
   abs:_dummy=C:11F1
   crt0:PClearLoop?done?=C:006C
   crt0:PClearLoop?repeat?=C:005E
   crt0:XClearLoop?done?=C:0054
   crt0:XClearLoop?repeat?=C:0046
   crt0:XInitLoop?done?=C:003C
   crt0:XInitLoop?repeat?=C:001C
   crt0:__c51_init_data=C:0010
   crt0:__c51_program_startup=C:006F
   crt0:forever?home?=C:0072
   divsint:__divsint_dummy=C:290C
   divsint:a_not_negative=C:2920
   divsint:b_not_negative=C:2932
   divsint:not_negative=C:2943
   divuint:__divuint_dummy=C:2A77
   divuint:loop=C:2A7C
   divuint:smaller=C:2A9D
   divulong:__divlong_dummy=C:1049
   divulong:exit=C:10AC
   divulong:in_lp=C:107D
   divulong:loop=C:106A
   divulong:lp0=C:1051
   divulong:minus=C:10AA
   expf:L002002?=C:2266
   expf:L002003?=C:2273
   expf:L002005?=C:22A5
   expf:L002007?=C:22DF
   expf:L002010?=C:22E6
   expf:L002012?=C:2334
   expf:L002014?=C:239B
   expf:L002016?=C:25BC
   expf:L002032?=C:2334
   expf:L002034?=C:239B
   expf:_expf_g_1_24=D:0026
   expf:_expf_n_1_24=D:0032
   expf:_expf_r_1_24=D:002A
   expf:_expf_sign_1_24=B:000E
   expf:_expf_sloc0_1_0=D:0034
   expf:_expf_xn_1_24=D:0022
   expf:_expf_y_1_24=D:002E
   frexpf:L002003?=C:2971
   frexpf:_frexpf_fl_1_24=D:0045
   frexpf:_frexpf_i_1_24=D:0049
   frexpf:_frexpf_sloc0_1_0=D:004D
   fs2sint:_dummy=C:10EA
   fs2sint:fs2sint_clr_a=C:10F8
   fs2sint:fs2sint_maxval_neg=C:110A
   fs2sint:fs2sint_maxval_pos=C:111A
   fs2sint:fs2sint_neg=C:10FC
   fs2sint:fs2sint_not_zero=C:10F9
   fs2sint:fs2sint_pos=C:110E
   fs2slong:_dummy=C:1720
   fs2slong:fs2slong_clr_a=C:1753
   fs2slong:fs2slong_int_ok=C:172A
   fs2slong:fs2slong_maxval=C:1763
   fs2slong:fs2slong_maxval_neg=C:1766
   fs2slong:fs2slong_maxval_pos=C:1770
   fs2slong:fs2slong_neg=C:1732
   fs2slong:fs2slong_not_zero=C:1754
   fs2slong:fs2slong_pos=C:1758
   fsadd:L00005?=C:120C
   fsadd:L00010?=C:1211
   fsadd:L00011?=C:1219
   fsadd:L00020?=C:1221
   fsadd:L00021?=C:1235
   fsadd:L00022?=C:1238
   fsadd:L00025?=C:1253
   fsadd:_dummy=C:1200
   fscmp:_dummy=C:16D7
   fscmp:a_check=C:16F5
   fscmp:a_not_neg_zero=C:1707
   fscmp:a_not_neg_zero_cleanup=C:1706
   fscmp:b_check=C:1707
   fscmp:b_not_neg_zero=C:171F
   fscmp:b_not_neg_zero_cleanup_1=C:171E
   fscmp:b_not_neg_zero_cleanup_2=C:171D
   fscmp:b_not_neg_zero_cleanup_3=C:171C
   fscmp:compare32_done=C:16F4
   fsdiv:L00001?=C:15AD
   fsdiv:L00002?=C:15B6
   fsdiv:L00003?=C:15B9
   fsdiv:L00004?=C:15BF
   fsdiv:L00005?=C:15CC
   fsdiv:L00006?=C:15CF
   fsdiv:L00007?=C:15D7
   fsdiv:L00008?=C:15E3
   fsdiv:L00009?=C:15EB
   fsdiv:L00010?=C:1601
   fsdiv:L00011?=C:1651
   fsdiv:L00012?=C:1664
   fsdiv:L00013?=C:16B3
   fsdiv:L00014?=C:16C1
   fsdiv:_dummy=C:15A5
   fsdiv:saved_b=D:0045
   fsdiv:saved_r5=D:0042
   fsdiv:saved_r6=D:0043
   fsdiv:saved_r7=D:0044
   fseq:_dummy=C:2214
   fsget1arg:L00001?=C:2ADA
   fsget1arg:_dummy=C:2ACD
   fsget2args:L00001?=C:180A
   fsget2args:L00002?=C:1826
   fsget2args:_dummy=C:17FD
   fsgt:_dummy=C:10BA
   fsgt:a_negative=C:10CF
   fsgt:a_positive=C:10C8
   fsgt:ab_different=C:10E1
   fsgt:ab_negative=C:10D8
   fsgt:ab_positive=C:10D6
   fsgt:skip_invert=C:10E5
   fslt:_dummy=C:111E
   fslt:a_negative=C:1133
   fslt:a_positive=C:112C
   fslt:ab_different=C:1145
   fslt:ab_negative=C:113C
   fslt:ab_positive=C:113A
   fslt:skip_invert=C:1149
   fsmul:L00001?=C:1154
   fsmul:L00002?=C:1157
   fsmul:L00003?=C:115F
   fsmul:L00004?=C:1167
   fsmul:L00005?=C:116F
   fsmul:L00006?=C:117A
   fsmul:L00007?=C:1182
   fsmul:L00010?=C:11EE
   fsmul:_dummy=C:114E
   fsnormalize:L00001?=C:17CD
   fsnormalize:L00002?=C:17DF
   fsnormalize:L00003?=C:17E0
   fsnormalize:L00004?=C:17E4
   fsnormalize:L00005?=C:17EB
   fsnormalize:L00006?=C:17FA
   fsnormalize:_dummy=C:17CA
   fsreturnval:L00001?=C:1781
   fsreturnval:_dummy=C:177B
   fsrshift:L00001?=C:184E
   fsrshift:L00003?=C:1873
   fsrshift:L00005?=C:1878
   fsrshift:L00020?=C:1887
   fsrshift:_dummy=C:1845
   fssub:_dummy=C:1578
   fsswapargs:_dummy=C:182B
   ftoa:ASCII_digits=C:2BBA
   ftoa:ASCII_digits_loop=C:2BBD
   ftoa:ASCII_exp=C:2BE6
   ftoa:ASCII_exp_minus=C:2BE2
   ftoa:ASCII_minus=C:2BB8
   ftoa:BCD_to_ASCII=C:2BAD
   ftoa:Conversion_Loop=C:2B5C
   ftoa:Convert_FP_to_BCD=C:2B4C
   ftoa:Divide_by_10_loop=C:2B98
   ftoa:FP_Adjust=C:2B06
   ftoa:No_BCD_mantissa_overflow=C:2BAB
   ftoa:No_Decimal_Point=C:2BCB
   ftoa:Shift_Product_Right=C:2B39
   ftoa:_Is_not_FP_zero=C:2AF3
   gptrget:codeptr?=C:1044
   gptrget:dataptrrestore?=C:103B
   gptrget:pdataptr?=C:1041
   gptrget:xdataptr?=C:1047
   gptrput:codeptr?=C:1572
   gptrput:dataptrrestore?=C:156D
   gptrput:pdataptr?=C:1573
   gptrput:xdataptr?=C:1576
   ldexpf:L002003?=C:29FE
   ldexpf:_ldexpf_e_1_24=D:0048
   ldexpf:_ldexpf_fl_1_24=D:0044
   ldexpf:_ldexpf_sloc0_1_0=D:004C
   logf:L002002?=C:2606
   logf:L002004?=C:26F9
   logf:L002005?=C:2744
   logf:L002012?=C:2702
   logf:_logf_Rz_1_24=D:0022
   logf:_logf_n_1_24=D:0032
   logf:_logf_w_1_24=D:002A
   logf:_logf_z_1_24=D:0026
   logf:_logf_znum_1_24=D:002E
   powf:L002002?=C:12AE
   powf:L002004?=C:12EC
   powf:L002006?=C:1321
   print_format:L002003?=C:1899
   print_format:L002004?=C:18A1
   print_format:L003004?=C:18B6
   print_format:L005003?=C:18DF
   print_format:L005004?=C:1903
   print_format:L006002?=C:192D
   print_format:L006005?=C:1942
   print_format:L006010?=C:1966
   print_format:L006012?=C:1977
   print_format:L006016?=C:1985
   print_format:L006017?=C:198A
   print_format:L006018?=C:199C
   print_format:L006019?=C:199E
   print_format:L006025?=C:19C5
   print_format:L006028?=C:19B6
   print_format:L006029?=C:19D2
   print_format:L006032?=C:19E5
   print_format:L006035?=C:19FE
   print_format:L006037?=C:1A14
   print_format:L006041?=C:1A36
   print_format:L006044?=C:1A27
   print_format:L006045?=C:1A43
   print_format:L006054?=C:1A7A
   print_format:L006057?=C:1A69
   print_format:L006058?=C:1A89
   print_format:L006062?=C:1A58
   print_format:L006063?=C:1A9C
   print_format:L006064?=C:1AB3
   print_format:L006072?=C:1B08
   print_format:L006073?=C:1AEA
   print_format:L006079?=C:1AE5
   print_format:L006080?=C:1B0F
   print_format:L006084?=C:1B20
   print_format:L006085?=C:1B41
   print_format:L006090?=C:1AA1
   print_format:L006092?=C:1B54
   print_format:L006094?=C:1B59
   print_format:L006096?=C:1B71
   print_format:L006097?=C:1B74
   print_format:L006102?=C:1B83
   print_format:L006149?=C:1964
   print_format:L006150?=C:1ACF
   print_format:L006151?=C:1B0D
   print_format:L006160?=C:1993
   print_format:L006165?=C:19A4
   print_format:L006172?=C:19F2
   print_format:L006185?=C:1AAE
   print_format:L006190?=C:1ADD
   print_format:L006197?=C:1B3F
   print_format:L007001?=C:1B8B
   print_format:L007002?=C:1B98
   print_format:L007003?=C:1B9E
   print_format:L007008?=C:1BB7
   print_format:L007010?=C:1BBA
   print_format:L007014?=C:1BD3
   print_format:L007017?=C:1BE9
   print_format:L007019?=C:1C01
   print_format:L007021?=C:1C03
   print_format:L007027?=C:1C21
   print_format:L007028?=C:1C37
   print_format:L007032?=C:1C1E
   print_format:L007033?=C:1C4D
   print_format:L007038?=C:1BD5
   print_format:L007040?=C:1C45
   print_format:L007041?=C:1C4A
   print_format:L007042?=C:1C66
   print_format:L007071?=C:1BE1
   print_format:L008001?=C:1CC1
   print_format:L008003?=C:1CE0
   print_format:L008007?=C:1D06
   print_format:L008010?=C:1D15
   print_format:L008015?=C:1D22
   print_format:L008017?=C:1D37
   print_format:L008018?=C:1D39
   print_format:L008020?=C:1DA9
   print_format:L008021?=C:1DAE
   print_format:L008022?=C:1DB3
   print_format:L008023?=C:1DB8
   print_format:L008024?=C:1DBD
   print_format:L008025?=C:1DC2
   print_format:L008026?=C:1DC7
   print_format:L008028?=C:1DDA
   print_format:L008031?=C:1DFA
   print_format:L008034?=C:1DEC
   print_format:L008036?=C:1E0C
   print_format:L008038?=C:1E19
   print_format:L008039?=C:1E28
   print_format:L008040?=C:1E30
   print_format:L008042?=C:1E5E
   print_format:L008043?=C:1E6F
   print_format:L008050?=C:1E7E
   print_format:L008052?=C:1EB7
   print_format:L008053?=C:1ECE
   print_format:L008059?=C:1EE0
   print_format:L008061?=C:1F12
   print_format:L008064?=C:1F0A
   print_format:L008067?=C:1F01
   print_format:L008068?=C:1F14
   print_format:L008070?=C:1F3F
   print_format:L008073?=C:1F47
   print_format:L008074?=C:1F4E
   print_format:L008075?=C:1F53
   print_format:L008076?=C:1F58
   print_format:L008077?=C:1F5D
   print_format:L008078?=C:1F61
   print_format:L008079?=C:1F65
   print_format:L008080?=C:1F69
   print_format:L008081?=C:1F93
   print_format:L008082?=C:1F98
   print_format:L008084?=C:1FD8
   print_format:L008086?=C:1FF4
   print_format:L008087?=C:2000
   print_format:L008091?=C:2002
   print_format:L008093?=C:200B
   print_format:L008100?=C:206A
   print_format:L008103?=C:2048
   print_format:L008104?=C:2094
   print_format:L008106?=C:20D0
   print_format:L008111?=C:20B2
   print_format:L008114?=C:20DA
   print_format:L008117?=C:2100
   print_format:L008120?=C:2102
   print_format:L008122?=C:2123
   print_format:L008123?=C:2125
   print_format:L008124?=C:2109
   print_format:L008128?=C:213C
   print_format:L008129?=C:2142
   print_format:L008133?=C:2159
   print_format:L008138?=C:217F
   print_format:L008143?=C:216A
   print_format:L008144?=C:218E
   print_format:L008145?=C:2191
   print_format:L008149?=C:21BF
   print_format:L008152?=C:21AF
   print_format:L008155?=C:21DA
   print_format:L008156?=C:21E1
   print_format:L008157?=C:21C4
   print_format:L008159?=C:21ED
   print_format:L008160?=C:21F3
   print_format:L008167?=C:1FA1
   print_format:L008168?=C:2011
   print_format:L008173?=C:2205
   print_format:L008175?=C:1C72
   print_format:L008177?=C:220D
   print_format:L008180?=C:21A2
   print_format:L008181?=C:21A4
   print_format:L008271?=C:21C2
   print_format:L008276?=C:1C94
   print_format:L008277?=C:1C99
   print_format:L008278?=C:1C9C
   print_format:L008281?=C:1CE5
   print_format:L008291?=C:1D27
   print_format:L008294?=C:1D3E
   print_format:L008295?=C:1D44
   print_format:L008296?=C:1D4A
   print_format:L008297?=C:1D4F
   print_format:L008298?=C:1D54
   print_format:L008299?=C:1D59
   print_format:L008300?=C:1D5F
   print_format:L008301?=C:1D65
   print_format:L008302?=C:1D6B
   print_format:L008303?=C:1D71
   print_format:L008304?=C:1D77
   print_format:L008305?=C:1D7D
   print_format:L008306?=C:1D82
   print_format:L008307?=C:1D88
   print_format:L008308?=C:1D8E
   print_format:L008309?=C:1D94
   print_format:L008310?=C:1D9A
   print_format:L008311?=C:1DA0
   print_format:L008312?=C:1DA6
   print_format:L008325?=C:1EAF
   print_format:L008326?=C:1EBD
   print_format:L008327?=C:1EC7
   print_format:L008328?=C:1ED8
   print_format:L008332?=C:1F34
   print_format:L008333?=C:1F39
   print_format:L008344?=C:2018
   print_format:L008374?=C:21F3
   print_format:L008375?=C:21FD
   print_format:__output_char=C:1888
   print_format:_calculate_digit=C:18D2
   print_format:_char_argument=B:0009
   print_format:_charsOutputted=D:0029
   print_format:_decimals=D:002D
   print_format:_e_argument=B:0002
   print_format:_f_argument=B:0001
   print_format:_fflag=B:000D
   print_format:_g_argument=B:0003
   print_format:_i=D:002F
   print_format:_left_justify=B:0004
   print_format:_length=D:002E
   print_format:_long_argument=B:000A
   print_format:_lower_case=B:0000
   print_format:_lsd=B:000C
   print_format:_output_2digits=C:18BB
   print_format:_output_char=D:0022
   print_format:_output_digit=C:18A2
   print_format:_output_e=C:1B84
   print_format:_output_f=C:1911
   print_format:_pound_argument=B:000B
   print_format:_prefix_sign=B:0006
   print_format:_prefix_space=B:0007
   print_format:_radix=D:002B
   print_format:_signed_argument=B:0008
   print_format:_value=D:0024
   print_format:_width=D:002C
   print_format:_zero_padding=B:0005
   putchar:L002001?=C:1595
   putchar:L002006?=C:159D
   putchar:L002017?=C:159A
   putchar:L002018?=C:15A2
   sint2fs:_dummy=C:1583
   slong2fs:_dummy=C:2AA0
   slong2fs:slong2fs_positive=C:2AC7
   sqrtf:L002004?=C:13B0
   sqrtf:L002007?=C:1375
   sqrtf:L002008?=C:13EB
   sqrtf:L002010?=C:1530
   sqrtf:L002021?=C:1530
   sqrtf:_sqrtf_f_1_24=D:0038
   sqrtf:_sqrtf_n_1_24=D:003C
   sqrtf:_sqrtf_sloc0_1_0=D:003E
   strlen:L002001?=C:2C08
   strlen:L002003?=C:2C21
   uint2fs:_dummy=C:10AE
   ulong2fs:_dummy=C:16C4
   ulong2fs:long2fs_doit=C:16CF
   vprintf:_put_char_to_stdout=C:1259
